CS251: . elkindi Sat Feb 3 14:34:17 EST 2018  Total:  140 of 140
CS251: . elkindi Sat Feb 3 14:37:44 EST 2018  Total:  10 of 10
CS251: . elkindi Sat Feb 3 14:37:50 EST 2018  Total:  8 of 8
CS251: . elkindi Sat Feb 3 14:39:37 EST 2018  Total:  8 of 8
CS251: . elkindi Sat Feb 3 14:41:21 EST 2018  Total:  10 of 10
CS251: . elkindi Sat Feb 3 14:42:17 EST 2018  Total:  80 of 80
CS251: . elkindi Sat Feb 3 14:42:25 EST 2018  Total:  100 of 100
CS251: . elkindi Sat Feb 3 14:58:29 EST 2018  Total:  0 of 88
CS251: . elkindi Sat Feb 3 14:59:29 EST 2018  Total:  10 of 10
CS251: . elkindi Sat Feb 3 14:59:34 EST 2018  Total:  80 of 88
CS251: . elkindi Sat Feb 3 14:59:50 EST 2018  Total:  80 of 88
CS251: . elkindi Sat Feb 3 15:00:57 EST 2018  Total:  88 of 88
CS251: . elkindi Sat Feb 3 15:02:53 EST 2018  Total:  112 of 112
CS251: . elkindi Sat Feb 3 15:05:14 EST 2018  Total:  80 of 80
CS251: . elkindi Sat Feb 3 15:05:33 EST 2018  Total:  100 of 100
CS251: . elkindi Sat Feb 3 15:12:14 EST 2018  Total:  2 of 10
CS251: . elkindi Sat Feb 3 15:15:46 EST 2018  Total:  0 of 10
CS251: . elkindi Sat Feb 3 15:16:11 EST 2018  Total:  10 of 10
CS251: . elkindi Sat Feb 3 15:17:42 EST 2018  Total:  0 of 10
CS251: . elkindi Sat Feb 3 15:18:05 EST 2018  Total:  0 of 10
CS251: . elkindi Sat Feb 3 15:20:07 EST 2018  Total:  0 of 10
CS251: . elkindi Sat Feb 3 15:25:12 EST 2018  Total:  0 of 10
CS251: . elkindi Sat Feb 3 15:31:16 EST 2018  Total:  0 of 10
CS251: . elkindi Sat Feb 3 15:32:21 EST 2018  Total:  0 of 10
CS251: . elkindi Sat Feb 3 15:33:13 EST 2018  Total:  0 of 10
CS251: . elkindi Sat Feb 3 15:33:59 EST 2018  Total:  0 of 10
CS251: . elkindi Sat Feb 3 15:43:43 EST 2018  Total:  0 of 10
CS251: . elkindi Sat Feb 3 15:43:48 EST 2018  Total:  0 of 10
CS251: . elkindi Sat Feb 3 15:45:15 EST 2018  Total:  0 of 80
CS251: . elkindi Sat Feb 3 15:48:47 EST 2018  Total:  0 of 10
CS251: . elkindi Sat Feb 3 15:48:49 EST 2018  Total:  0 of 10
CS251: . elkindi Sat Feb 3 15:48:52 EST 2018  Total:  0 of 80
CS251: . rravind Mon Feb 12 20:34:23 EST 2018  Total:  6 of 10
CS251: . rravind Mon Feb 12 20:41:45 EST 2018  Total:  6 of 10
CS251: . rravind Mon Feb 12 20:50:16 EST 2018  Total:  6 of 10
CS251: . rravind Mon Feb 12 21:00:12 EST 2018  Total:  6 of 10
CS251: . rravind Mon Feb 12 21:04:34 EST 2018  Total:  6 of 10
CS251: . rravind Mon Feb 12 21:04:45 EST 2018  Total:  6 of 10
CS251: . rravind Mon Feb 12 21:06:07 EST 2018  Total:  6 of 10
CS251: . rravind Mon Feb 12 21:07:06 EST 2018  Total:  6 of 10
CS251: . rravind Mon Feb 12 21:07:26 EST 2018  Total:  6 of 10
CS251: . rravind Mon Feb 12 21:08:49 EST 2018  Total:  6 of 10
CS251: . rravind Mon Feb 12 21:16:32 EST 2018  Total:  8 of 10
CS251: . rravind Mon Feb 12 21:18:46 EST 2018  Total:  8 of 10
CS251: . rravind Mon Feb 12 21:28:32 EST 2018  Total:  8 of 10
CS251: . rravind Mon Feb 12 21:30:07 EST 2018  Total:  8 of 10
CS251: . rravind Mon Feb 12 21:37:02 EST 2018  Total:  8 of 10
CS251: . rravind Mon Feb 12 21:37:52 EST 2018  Total:  8 of 10
CS251: . rravind Mon Feb 12 21:39:03 EST 2018  Total:  8 of 10
CS251: . rravind Mon Feb 12 21:47:45 EST 2018  Total:  8 of 10
CS251: . rravind Mon Feb 12 21:52:58 EST 2018  Total:  0 of 10
CS251: . rravind Mon Feb 12 21:54:25 EST 2018  Total:  4 of 10
CS251: . rravind Mon Feb 12 21:57:33 EST 2018  Total:  4 of 10
CS251: . rravind Mon Feb 12 21:57:51 EST 2018  Total:  4 of 10
CS251: . rravind Mon Feb 12 21:58:26 EST 2018  Total:  4 of 10
CS251: . rravind Mon Feb 12 22:00:02 EST 2018  Total:  10 of 10
CS251: . rravind Mon Feb 12 22:00:32 EST 2018  Total:  10 of 10
CS251: . rravind Mon Feb 12 22:01:08 EST 2018  Total:  10 of 10
CS251: . rravind Mon Feb 12 22:01:40 EST 2018  Total:  8 of 10
CS251: . rravind Mon Feb 12 22:01:47 EST 2018  Total:  10 of 10
CS251: . rravind Mon Feb 12 22:02:20 EST 2018  Total:  10 of 10
CS251: . rravind Mon Feb 12 22:02:42 EST 2018  Total:  10 of 10
CS251: . rravind Mon Feb 12 22:03:45 EST 2018  Total:  10 of 10
CS251: . rravind Mon Feb 12 22:04:12 EST 2018  Total:  10 of 10
CS251: . rravind Mon Feb 12 22:04:38 EST 2018  Total:  4 of 10
CS251: . rravind Mon Feb 12 22:04:51 EST 2018  Total:  10 of 10
CS251: . rravind Mon Feb 12 22:05:58 EST 2018  Total:  10 of 10
CS251: . rravind Mon Feb 12 22:06:40 EST 2018  Total:  4 of 10
CS251: . rravind Mon Feb 12 22:06:46 EST 2018  Total:  10 of 10
CS251: . rravind Mon Feb 12 22:07:33 EST 2018  Total:  10 of 10
CS251: . rravind Mon Feb 12 22:08:12 EST 2018  Total:  10 of 10
CS251: . rravind Mon Feb 12 22:08:26 EST 2018  Total:  4 of 10
CS251: . rravind Mon Feb 12 22:08:32 EST 2018  Total:  10 of 10
CS251: . rravind Mon Feb 12 22:09:34 EST 2018  Total:  10 of 10
CS251: . rravind Mon Feb 12 22:13:41 EST 2018  Total:  10 of 10
CS251: . rravind Mon Feb 12 22:14:19 EST 2018  Total:  10 of 10
CS251: . rravind Mon Feb 12 22:18:16 EST 2018  Total:  10 of 10
CS251: . rravind Mon Feb 12 22:18:52 EST 2018  Total:  0 of 10
CS251: . rravind Mon Feb 12 22:19:00 EST 2018  Total:  10 of 10
CS251: . rravind Mon Feb 12 22:19:23 EST 2018  Total:  10 of 10
CS251: . rravind Mon Feb 12 22:19:55 EST 2018  Total:  10 of 10
CS251: . rravind Mon Feb 12 22:20:21 EST 2018  Total:  10 of 10
CS251: . rravind Mon Feb 12 22:20:41 EST 2018  Total:  10 of 10
CS251: . rravind Mon Feb 12 22:23:07 EST 2018  Total:  0 of 10
CS251: . rravind Mon Feb 12 22:23:21 EST 2018  Total:  10 of 10
CS251: . rravind Mon Feb 12 22:37:36 EST 2018  Total:  4 of 10
CS251: . rravind Mon Feb 12 22:37:47 EST 2018  Total:  10 of 10
CS251: . rravind Mon Feb 12 22:38:25 EST 2018  Total:  0 of 10
CS251: . rravind Mon Feb 12 22:38:37 EST 2018  Total:  10 of 10
CS251: . rravind Mon Feb 12 22:39:05 EST 2018  Total:  4 of 10
CS251: . rravind Mon Feb 12 22:39:12 EST 2018  Total:  10 of 10
CS251: . rravind Mon Feb 12 22:40:06 EST 2018  Total:  0 of 10
CS251: . rravind Mon Feb 12 22:40:24 EST 2018  Total:  10 of 10
CS251: . rravind Mon Feb 12 22:41:56 EST 2018  Total:  10 of 10
CS251: . rravind Mon Feb 12 22:42:47 EST 2018  Total:  10 of 10
CS251: . rravind Mon Feb 12 22:48:29 EST 2018  Total:  10 of 10
CS251: . rravind Mon Feb 12 22:48:41 EST 2018  Total:  10 of 10
CS251: . rravind Mon Feb 12 22:49:03 EST 2018  Total:  10 of 10
CS251: . rravind Mon Feb 12 22:49:15 EST 2018  Total:  10 of 10
CS251: . rravind Mon Feb 12 22:50:30 EST 2018  Total:  10 of 10
CS251: . rravind Mon Feb 12 23:01:02 EST 2018  Total:  10 of 10
CS251: . rravind Tue Feb 13 12:22:59 EST 2018  Total:  10 of 10
CS251: . rravind Sun Feb 18 17:14:10 EST 2018  Total:  0 of 10
CS251: . rravind Sun Feb 18 17:59:33 EST 2018  Total:  0 of 10
CS251: . rravind Sun Feb 18 18:00:00 EST 2018  Total:  0 of 0
CS251: . rravind Sun Feb 18 18:02:57 EST 2018  Total:  0 of 10
CS251: . rravind Sun Feb 18 19:27:57 EST 2018  Total:  0 of 10
CS251: . rravind Mon Feb 19 11:41:17 EST 2018  Total:  0 of 10
CS251: . rravind Mon Feb 19 13:05:27 EST 2018  Total:  0 of 10
CS251: . rravind Mon Feb 19 18:13:58 EST 2018  Total:  0 of 10
CS251: . rravind Mon Feb 19 18:46:16 EST 2018  Total:  2 of 10
CS251: . rravind Mon Feb 19 19:19:55 EST 2018  Total:  10 of 10
CS251: . rravind Mon Feb 19 19:21:51 EST 2018  Total:  10 of 10
CS251: . rravind Mon Feb 19 19:23:10 EST 2018  Total:  10 of 10
CS251: . rravind Mon Feb 19 19:24:37 EST 2018  Total:  10 of 10
CS251: . rravind Mon Feb 19 19:26:13 EST 2018  Total:  10 of 10
CS251: . rravind Mon Feb 19 19:27:18 EST 2018  Total:  10 of 10
CS251: . rravind Mon Feb 19 19:28:43 EST 2018  Total:  10 of 10
CS251: . rravind Mon Feb 19 19:31:08 EST 2018  Total:  10 of 10
CS251: . rravind Mon Feb 19 19:33:10 EST 2018  Total:  10 of 10
CS251: . rravind Mon Feb 19 19:35:01 EST 2018  Total:  10 of 10
CS251: . rravind Mon Feb 19 19:53:49 EST 2018  Total:  10 of 10
CS251: . rravind Mon Feb 19 20:27:47 EST 2018  Total:  10 of 10
CS251: . rravind Mon Feb 19 21:31:31 EST 2018  Total:  10 of 10
CS251: . rravind Mon Feb 19 21:31:53 EST 2018  Total:  20 of 100
CS251: . rravind Mon Feb 19 22:10:35 EST 2018  Total:  10 of 10
CS251: . rravind Mon Feb 19 22:11:34 EST 2018  Total:  10 of 10
CS251: . rravind Mon Feb 19 22:12:59 EST 2018  Total:  10 of 10
CS251: . rravind Tue Feb 20 11:26:50 EST 2018  Total:  10 of 10
CS251: . rravind Tue Feb 20 23:30:50 EST 2018  Total:  72 of 80
CS251: . rravind Wed Feb 21 12:17:46 EST 2018  Total:  92 of 100
CS251: . rravind Wed Feb 21 19:01:35 EST 2018  Total:  72 of 80
CS251: . rravind Wed Feb 21 19:02:24 EST 2018  Total:  72 of 80
CS251: . rravind Thu Feb 22 12:48:48 EST 2018  Total:  65 of 80
CS251: . rravind Thu Feb 22 12:49:27 EST 2018  Total:  72 of 80
CS251: . rravind Thu Feb 22 12:53:50 EST 2018  Total:  72 of 80
CS251: . rravind Thu Feb 22 12:54:19 EST 2018  Total:  72 of 80
CS251: . rravind Thu Feb 22 12:54:34 EST 2018  Total:  72 of 80
CS251: . rravind Thu Feb 22 12:55:45 EST 2018  Total:  72 of 80
CS251: . rravind Thu Feb 22 19:13:19 EST 2018  Total:  72 of 80
CS251: . rravind Fri Feb 23 17:28:58 EST 2018  Total:  72 of 80
CS251: . rravind Fri Feb 23 17:43:51 EST 2018  Total:  0 of 80
CS251: . rravind Fri Feb 23 17:44:42 EST 2018  Total:  72 of 80
CS251: . rravind Fri Feb 23 17:45:49 EST 2018  Total:  0 of 80
CS251: . rravind Fri Feb 23 17:46:27 EST 2018  Total:  72 of 80
CS251: . rravind Fri Feb 23 17:47:38 EST 2018  Total:  72 of 80
CS251: . rravind Fri Feb 23 17:48:06 EST 2018  Total:  72 of 80
CS251: . rravind Fri Feb 23 17:49:16 EST 2018  Total:  0 of 80
CS251: . rravind Fri Feb 23 17:49:23 EST 2018  Total:  0 of 80
CS251: . rravind Fri Feb 23 17:49:50 EST 2018  Total:  72 of 80
CS251: . rravind Fri Feb 23 17:50:00 EST 2018  Total:  0 of 80
CS251: . rravind Fri Feb 23 17:51:20 EST 2018  Total:  72 of 80
CS251: . rravind Fri Feb 23 17:51:52 EST 2018  Total:  72 of 80
CS251: . rravind Fri Feb 23 17:53:48 EST 2018  Total:  0 of 80
CS251: . rravind Fri Feb 23 17:54:30 EST 2018  Total:  72 of 80
CS251: . rravind Fri Feb 23 17:55:43 EST 2018  Total:  72 of 80
CS251: . rravind Fri Feb 23 17:58:32 EST 2018  Total:  92 of 100
CS251: . rravind Fri Feb 23 18:00:37 EST 2018  Total:  72 of 80
CS251: . rravind Fri Feb 23 18:05:54 EST 2018  Total:  72 of 80
CS251: . rravind Fri Feb 23 20:35:10 EST 2018  Total:  0 of 80
CS251: . rravind Fri Feb 23 20:35:52 EST 2018  Total:  72 of 80
CS251: . rravind Fri Feb 23 20:38:43 EST 2018  Total:  0 of 0
CS251: . rravind Fri Feb 23 20:39:32 EST 2018  Total:  0 of 0
CS251: . rravind Fri Feb 23 20:43:49 EST 2018  Total:  72 of 80
CS251: . rravind Fri Feb 23 20:44:56 EST 2018  Total:  72 of 80
CS251: . rravind Fri Feb 23 20:45:30 EST 2018  Total:  72 of 80
CS251: . rravind Sat Feb 24 13:17:28 EST 2018  Total:  72 of 80
CS251: . rravind Sat Feb 24 13:20:28 EST 2018  Total:  0 of 80
CS251: . rravind Sat Feb 24 13:22:00 EST 2018  Total:  76 of 80
CS251: . rravind Sat Feb 24 13:25:35 EST 2018  Total:  72 of 80
CS251: . rravind Sat Feb 24 13:26:25 EST 2018  Total:  72 of 80
CS251: . rravind Sat Feb 24 13:27:05 EST 2018  Total:  72 of 80
CS251: . rravind Sat Feb 24 13:27:46 EST 2018  Total:  76 of 80
CS251: . rravind Sat Feb 24 13:28:32 EST 2018  Total:  76 of 80
CS251: . rravind Sat Feb 24 13:32:12 EST 2018  Total:  0 of 80
CS251: . rravind Sat Feb 24 13:32:51 EST 2018  Total:  76 of 80
CS251: . rravind Sat Feb 24 13:39:25 EST 2018  Total:  0 of 80
CS251: . rravind Sat Feb 24 13:40:21 EST 2018  Total:  0 of 80
CS251: . rravind Sat Feb 24 13:40:36 EST 2018  Total:  0 of 80
CS251: . rravind Sat Feb 24 13:41:03 EST 2018  Total:  76 of 80
CS251: . rravind Sat Feb 24 13:41:41 EST 2018  Total:  0 of 80
CS251: . rravind Sat Feb 24 13:42:17 EST 2018  Total:  0 of 80
CS251: . rravind Sat Feb 24 13:42:36 EST 2018  Total:  76 of 80
CS251: . rravind Sat Feb 24 13:43:24 EST 2018  Total:  72 of 80
CS251: . rravind Sat Feb 24 13:43:40 EST 2018  Total:  76 of 80
CS251: . rravind Sat Feb 24 13:46:37 EST 2018  Total:  76 of 80
CS251: . rravind Sat Feb 24 13:53:29 EST 2018  Total:  76 of 80
CS251: . rravind Sat Feb 24 14:04:28 EST 2018  Total:  0 of 80
CS251: . rravind Sat Feb 24 14:07:26 EST 2018  Total:  76 of 80
CS251: . rravind Sat Feb 24 14:08:49 EST 2018  Total:  72 of 80
CS251: . rravind Sat Feb 24 14:09:11 EST 2018  Total:  76 of 80
CS251: . rravind Sat Feb 24 14:10:11 EST 2018  Total:  76 of 80
CS251: . rravind Sat Feb 24 14:11:10 EST 2018  Total:  76 of 80
CS251: . rravind Sat Feb 24 14:12:37 EST 2018  Total:  0 of 80
CS251: . rravind Sat Feb 24 14:15:37 EST 2018  Total:  76 of 80
CS251: . rravind Sat Feb 24 14:17:49 EST 2018  Total:  76 of 80
CS251: . rravind Sat Feb 24 14:18:22 EST 2018  Total:  72 of 80
CS251: . rravind Sat Feb 24 14:18:38 EST 2018  Total:  76 of 80
CS251: . rravind Sat Feb 24 14:18:57 EST 2018  Total:  72 of 80
CS251: . rravind Sat Feb 24 14:19:21 EST 2018  Total:  76 of 80
CS251: . rravind Sat Feb 24 14:28:52 EST 2018  Total:  76 of 80
CS251: . rravind Sat Feb 24 14:30:19 EST 2018  Total:  72 of 80
CS251: . rravind Sat Feb 24 14:30:39 EST 2018  Total:  76 of 80
CS251: . rravind Sat Feb 24 14:32:28 EST 2018  Total:  72 of 80
CS251: . rravind Sat Feb 24 14:32:45 EST 2018  Total:  76 of 80
CS251: . rravind Sat Feb 24 14:37:20 EST 2018  Total:  76 of 80
CS251: . rravind Sat Feb 24 14:39:11 EST 2018  Total:  76 of 80
CS251: . rravind Sat Feb 24 14:40:01 EST 2018  Total:  76 of 80
CS251: . rravind Sat Feb 24 14:40:14 EST 2018  Total:  76 of 80
CS251: . rravind Sat Feb 24 14:43:19 EST 2018  Total:  76 of 80
CS251: . rravind Sat Feb 24 14:44:35 EST 2018  Total:  76 of 80
CS251: . rravind Sat Feb 24 14:48:11 EST 2018  Total:  76 of 80
CS251: . rravind Sat Feb 24 14:53:20 EST 2018  Total:  80 of 80
CS251: . rravind Sat Feb 24 14:54:03 EST 2018  Total:  100 of 100
CS251: . rravind Sat Feb 24 14:56:44 EST 2018  Total:  100 of 100
CS251: . rravind Sat Feb 24 15:01:49 EST 2018  Total:  100 of 100
CS251: . rravind Sat Feb 24 15:03:00 EST 2018  Total:  100 of 100
CS251: . rravind Sun Feb 25 15:38:06 EST 2018  Total:  100 of 100
